This is the readme for the first release Â© 2002-2014.
Table of contents:

    SnomedCT_Release_INT_20140131
        RF2Release
            Full
                Refset
                    Content
                        der2_iisssccRefset_ExtendedMapFull_INT_20140131.txt
                        der2_iisssccsiRefset_UnknownFormatFull_INT_20140131.txt
                        der2_Refset_SimpleFull_INT_20140131.txt
        Readme_20140131.txt
