id	effectiveTime	active	moduleId	conceptId	languageCode	typeId	term	caseSignificanceId
100001000077113	20161130	1	11000241103	273793007	fr	900000000000013009	test de dépistage pour les troubles du traitement de l'information auditive	900000000000448009
100001000087112	20161130	1	11000241103	406617004	fr	900000000000013009	infection invasive à pneumocoque	900000000000448009
1000011000172113	20161130	1	11000241103	201015007	fr	900000000000013009	prurigo actinique	900000000000448009
1000051000172114	20161130	1	11000241103	307047009	fr	900000000000013009	température centrale : mesurée dans le rectum	900000000000448009
1000071000172119	20161130	1	11000241103	312604006	fr	900000000000013009	structure de la cuspide de la valve auriculoventriculaire commune (non-mitrale, non-tricuspide)	900000000000448009
1000091000172118	20161130	1	11000241103	715724002	fr	900000000000013009	syndactylie type 2	900000000000448009
