id	effectiveTime	active	moduleId	conceptId	languageCode	typeId	term	caseSignificanceId
10001000188114	20161130	0	2011000195101	703479000	fr	900000000000013009	Nimésulide	900000000000017005
100011000077110	20161130	1	2011000195101	273797008	fr	900000000000013009	test de compréhension syntaxique	900000000000448009
100011000087114	20161130	1	2011000195101	707211005	fr	900000000000013009	listériose invasive	900000000000448009
1000101000172114	20161130	1	2011000195101	773276004	fr	900000000000013009	EDS (Ehlers-Danlos syndrome) type spondylo-cheiro-dysplasique	900000000000017005
