id	effectiveTime	active	moduleId	sourceId	destinationId	relationshipGroup	typeId	characteristicTypeId	modifierId
800061021	20140731	1	800056001	800057001	372310001	0	116680003	900000000000010007	900000000000451002
800062021	20140731	1	800056001	800057001	424124008	0	263502005	900000000000010007	900000000000451002
4279758024	20140731	0	900000000000207008	1016002	81137002	0	116680003	900000000000010007	900000000000451002
4279759027	20140731	0	900000000000207008	1016002	116011005	0	116680003	900000000000010007	900000000000451002
