id	effectiveTime	active	moduleId	refsetId	referencedComponentId	valueId
fec17824-e658-5974-8480-3eb10cfa16a0	20140731	1	900000000000207008	900000000000489001	238856004	900000000000482003
fec6f1a3-c63c-5f6b-a6e1-49f5af24378a	20140731	1	900000000000207008	900000000000489002	253986002	900000000000482003
fece66c8-1992-5de9-9dbe-0682a26f2b22	20140731	1	900000000000207008	900000000000489003	403960003	900000000000482003
fee3d9ea-bddc-5b87-89cc-f44c867c4370	20140731	0	900000000000207008	900000000000489004	286853000	900000000000484003
ffcf4696-84cc-5815-921a-898ca4e59967	20140731	1	900000000000207008	900000000000489005	286853001	900000000000484002
ffd13dce-91a3-5222-b960-e3ab6078956c	20140331	0	900000000000207008	900000000000490006	199941019	900000000000484002
