id	effectiveTime	active	moduleId	refsetId	referencedComponentId
5f16e2d7-16d7-41d9-8fdc-8505bff0fc10	20140131	1	900000000000207008	700043003	38341003
5f16e2d7-16d7-41d9-8fdc-8505bff0fc10	20140731	0	900000000000207008	700043003	38341003
5f16e2d7-16d7-41d9-8fdc-8505bff0fc11	20140131	1	900000000000207008	700043003	55822004
5f16e2d7-16d7-41d9-8fdc-8505bff0fc11	20140731	0	900000000000207008	700043003	55822004
5f16e2d7-16d7-41d9-8fdc-8505bff0fc12	20140131	1	900000000000207008	700043003	35489007
5f16e2d7-16d7-41d9-8fdc-8505bff0fc12	20140731	0	900000000000207008	700043003	35489007
5f16e2d7-16d7-41d9-8fdc-8505bff0fc13	20140131	1	900000000000207008	700043003	235595009
5f16e2d7-16d7-41d9-8fdc-8505bff0fc13	20140731	0	900000000000207008	700043003	235595009
