id	effectiveTime	active	moduleId	refsetId	referencedComponentId
818af50c-9cf5-4272-8d0d-06dfe7ebd3b1	20161130	1	45991000052106	53361000052102	55371000052105
9f1d8253-8462-4033-a7de-c2208b9b71dd	20161130	1	45991000052106	53361000052102	55361000052101
