id	effectiveTime	active	moduleId	refsetId	referencedComponentId
c656cf74-dfec-43c7-af3c-b9ce0f1738b8	20161130	1	45991000052106	53351000052100	55341000052102
fa30bb5b-6862-4b32-898e-eb976b30bfd1	20161130	1	45991000052106	53351000052100	55371000052105
2764ad40-bc44-48d5-874e-2876fc369cc9	20161130	1	45991000052106	53351000052100	55351000052104
7a0b9153-0f4b-4018-8a8a-d6fd53bbddbd	20161130	1	45991000052106	53351000052100	55361000052101
