This is the readme for the first release © 2002-2016.
Table of contents:

    SnomedCT_ManagedServiceSE1000052_20161130
        Documentation
            Current
                doc_SnomedCT-SE-Production-ReleaseNotes_Current-en-US_SE1000052_20161130.pdf
        Delta
            Refset
                Content
                    der2_cRefset_AssociationReferenceDelta_SE1000052_20161130.txt
                    der2_cRefset_AttributeValueDelta_SE1000052_20161130.txt
                    der2_Refset_ReasonsForPrescriptionReferenceSetSimpleRefsetDelta_SE1000052_20161130.txt
                    der2_Refset_UrvalDeltagandetyperHälso-OchSjukvårdSimpleRefsetDelta_SE1000052_20161130.txt
                    der2_Refset_UrvalDeltagandetyperSocialtjänstSimpleRefsetDelta_SE1000052_20161130.txt
                    der2_Refset_UrvalLevnadsvanorSimpleRefsetDelta_SE1000052_20161130.txt
                    der2_Refset_UrvalSambandstyperHälso-OchSjukvårdSimpleRefsetDelta_SE1000052_20161130.txt
                    der2_Refset_UrvalSambandstyperSocialtjänstSimpleRefsetDelta_SE1000052_20161130.txt
                    der2_Refset_UrvalVårdkontaktstatusSimpleRefsetDelta_SE1000052_20161130.txt
                Language
                    der2_cRefset_LanguageDelta-en_SE1000052_20161130.txt
                    der2_cRefset_LanguageDelta-sv_SE1000052_20161130.txt
                Metadata
                    der2_cciRefset_RefsetDescriptorDelta_SE1000052_20161130.txt
                    der2_ciRefset_DescriptionTypeDelta_SE1000052_20161130.txt
                    der2_ssRefset_ModuleDependencyDelta_SE1000052_20161130.txt
            Terminology
                sct2_Concept_Delta_SE1000052_20161130.txt
                sct2_Description_Delta-en_SE1000052_20161130.txt
                sct2_Description_Delta-sv_SE1000052_20161130.txt
                sct2_Identifier_Delta_SE1000052_20161130.txt
                sct2_Relationship_Delta_SE1000052_20161130.txt
                sct2_StatedRelationship_Delta_SE1000052_20161130.txt
        Full
            Refset
                Content
                    der2_cRefset_AssociationReferenceFull_SE1000052_20161130.txt
                    der2_cRefset_AttributeValueFull_SE1000052_20161130.txt
                    der2_Refset_ReasonsForPrescriptionReferenceSetSimpleRefsetFull_SE1000052_20161130.txt
                    der2_Refset_UrvalDeltagandetyperHälso-OchSjukvårdSimpleRefsetFull_SE1000052_20161130.txt
                    der2_Refset_UrvalDeltagandetyperSocialtjänstSimpleRefsetFull_SE1000052_20161130.txt
                    der2_Refset_UrvalLevnadsvanorSimpleRefsetFull_SE1000052_20161130.txt
                    der2_Refset_UrvalSambandstyperHälso-OchSjukvårdSimpleRefsetFull_SE1000052_20161130.txt
                    der2_Refset_UrvalSambandstyperSocialtjänstSimpleRefsetFull_SE1000052_20161130.txt
                    der2_Refset_UrvalVårdkontaktstatusSimpleRefsetFull_SE1000052_20161130.txt
                Language
                    der2_cRefset_LanguageFull-en_SE1000052_20161130.txt
                    der2_cRefset_LanguageFull-sv_SE1000052_20161130.txt
                Metadata
                    der2_cciRefset_RefsetDescriptorFull_SE1000052_20161130.txt
                    der2_ciRefset_DescriptionTypeFull_SE1000052_20161130.txt
                    der2_ssRefset_ModuleDependencyFull_SE1000052_20161130.txt
            Terminology
                sct2_Concept_Full_SE1000052_20161130.txt
                sct2_Description_Full-en_SE1000052_20161130.txt
                sct2_Description_Full-sv_SE1000052_20161130.txt
                sct2_Identifier_Full_SE1000052_20161130.txt
                sct2_Relationship_Full_SE1000052_20161130.txt
                sct2_StatedRelationship_Full_SE1000052_20161130.txt
        Snapshot
            Refset
                Content
                    der2_cRefset_AssociationReferenceSnapshot_SE1000052_20161130.txt
                    der2_cRefset_AttributeValueSnapshot_SE1000052_20161130.txt
                    der2_Refset_ReasonsForPrescriptionReferenceSetSimpleRefsetSnapshot_SE1000052_20161130.txt
                    der2_Refset_UrvalDeltagandetyperHälso-OchSjukvårdSimpleRefsetSnapshot_SE1000052_20161130.txt
                    der2_Refset_UrvalDeltagandetyperSocialtjänstSimpleRefsetSnapshot_SE1000052_20161130.txt
                    der2_Refset_UrvalLevnadsvanorSimpleRefsetSnapshot_SE1000052_20161130.txt
                    der2_Refset_UrvalSambandstyperHälso-OchSjukvårdSimpleRefsetSnapshot_SE1000052_20161130.txt
                    der2_Refset_UrvalSambandstyperSocialtjänstSimpleRefsetSnapshot_SE1000052_20161130.txt
                    der2_Refset_UrvalVårdkontaktstatusSimpleRefsetSnapshot_SE1000052_20161130.txt
                Language
                    der2_cRefset_LanguageSnapshot-en_SE1000052_20161130.txt
                    der2_cRefset_LanguageSnapshot-sv_SE1000052_20161130.txt
                Metadata
                    der2_cciRefset_RefsetDescriptorSnapshot_SE1000052_20161130.txt
                    der2_ciRefset_DescriptionTypeSnapshot_SE1000052_20161130.txt
                    der2_ssRefset_ModuleDependencySnapshot_SE1000052_20161130.txt
            Terminology
                sct2_Concept_Snapshot_SE1000052_20161130.txt
                sct2_Description_Snapshot-en_SE1000052_20161130.txt
                sct2_Description_Snapshot-sv_SE1000052_20161130.txt
                sct2_Identifier_Snapshot_SE1000052_20161130.txt
                sct2_Relationship_Snapshot_SE1000052_20161130.txt
                sct2_StatedRelationship_Snapshot_SE1000052_20161130.txt
        Readme_en_20161130.txt
