id	effectiveTime	active	moduleId	refsetId	referencedComponentId	mapTarget
f8d798a6-dbc4-44f1-b12c-3d520b054aa1	20140131	1	900000000000207008	700043003	55822004	101
29965966-a388-4d44-8840-dc66a76f7538	20140131	1	900000000000207008	700043003	35489007	102
2dd53467-0a58-4672-ac4d-3eafa746e381	20140131	1	900000000000207008	700043003	235595009	104
4a4a58df-559b-41ff-893e-ed2ef4cdc46f	20140131	1	900000000000207008	700043003	38341003	100
5e4f895c-298f-4cfa-a4fd-b9c06cc550d9	20140131	1	900000000000207008	700043003	235595009	103
