id	effectiveTime	active	moduleId	refsetId	referencedComponentId	mapTarget
5f16e2d7-16d7-41d9-8fdc-8505bff0fc14	20140731	0	900000000000207008	700043003	235595009	104
