id	effectiveTime	active	moduleId	refsetId	referencedComponentId	valueId
fec17824-e658-5974-8480-3eb10cfa16a0	20140131	1	900000000000207008	900000000000489007	238856004	900000000000482003
fec6f1a3-c63c-5f6b-a6e1-49f5af24378a	20140131	0	900000000000207008	900000000000489007	253986002	900000000000482003
fece66c8-1992-5de9-9dbe-0682a26f2b22	20140131	1	900000000000207008	900000000000489007	403960003	900000000000482003
ffcf4696-84cc-5815-921a-898ca4e59967	20140131	1	900000000000207008	900000000000489006	286853001	900000000000484002
