This is the readme for the first release Â© 2002-2014.
Table of contents:

    SnomedCT_Release_INT_20140131
        RF2Release
            Full
                Refset
                    Content
                        der2_cRefset_AttributeValueFull_INT_20140131.txt
            Snapshot
                Refset
                    Content
                        der2_cRefset_AttributeValueSnapshot_INT_20140131.txt
            Delta
                Refset
                    Content
                        der2_cRefset_AttributeValueDelta_INT_20140131.txt
        Readme_20140131.txt