id	effectiveTime	active	moduleId	refsetId	referencedComponentId	mapTarget
5f16e2d7-16d7-41d9-8fdc-8505bff0fc35	20140131	1	900000000000207008	900000000000497000	363698007	XUsWA
5f16e2d7-16d7-41d9-8fdc-8505bff0fc36	20140131	1	900000000000207008	900000000000497000	119263007	XUsWB
5f16e2d7-16d7-41d9-8fdc-8505bff0fc37	20140131	1	900000000000207008	900000000000497000	800006001	XUsWD
5f16e2d7-16d7-41d9-8fdc-8505bff0fc38	20140131	1	900000000000207008	900000000000497000	800002001	XUsWF
5f16e2d7-16d7-41d9-8fdc-8505bff0fc39	20140131	1	900000000000207008	900000000000497000	72704001	XUsWE
5f16e2d7-16d7-41d9-8fdc-8505bff0fc3a	20140131	1	900000000000207008	900000000000497000	135794007	XUsWG
5f16e2d7-16d7-41d9-8fdc-8505bff0fc3b	20140131	1	900000000000207008	900000000000497000	800004001	XUsWH
5f16e2d7-16d7-41d9-8fdc-8505bff0fc3c	20140131	1	900000000000207008	900000000000497000	446716004	XUsWI
5f16e2d7-16d7-41d9-8fdc-8505bff0fc3d	20140131	1	900000000000207008	900000000000497000	800007001	XUsWJ
5f16e2d7-16d7-41d9-8fdc-8505bff0fc3e	20140131	1	900000000000207008	900000000000497000	410662002	XUsWK
5f16e2d7-16d7-41d9-8fdc-8505bff0fc3f	20140131	1	900000000000207008	900000000000497000	116680003	XUsWM
5f16e2d7-16d7-41d9-8fdc-8505bff0fc40	20140131	1	900000000000207008	900000000000497000	129390001	XUsWL
5f16e2d7-16d7-41d9-8fdc-8505bff0fc41	20140131	1	900000000000207008	900000000000497000	800003001	XUsWN
5f16e2d7-16d7-41d9-8fdc-8505bff0fc42	20140131	1	900000000000207008	900000000000497000	363700003	XUsWO
5f16e2d7-16d7-41d9-8fdc-8505bff0fc43	20140131	1	900000000000207008	900000000000497000	698412001	XUsWP
5f16e2d7-16d7-41d9-8fdc-8505bff0fc44	20140131	1	900000000000207008	900000000000497000	698449007	XUsWQ
5f16e2d7-16d7-41d9-8fdc-8505bff0fc45	20140131	1	900000000000207008	900000000000497000	138875005	XUsWR
5f16e2d7-16d7-41d9-8fdc-8505bff0fc46	20140131	1	900000000000207008	900000000000497000	51241000	XUsWS
5f16e2d7-16d7-41d9-8fdc-8505bff0fc47	20140131	1	900000000000207008	900000000000497000	260686004	XUsWT
5f16e2d7-16d7-41d9-8fdc-8505bff0fc48	20140131	1	900000000000207008	900000000000497000	800009001	XUsWU
5f16e2d7-16d7-41d9-8fdc-8505bff0fc49	20140131	1	900000000000207008	900000000000497000	399748001	XUsWV
5f16e2d7-16d7-41d9-8fdc-8505bff0fc4a	20140131	1	900000000000207008	900000000000497000	243329008	XUsWW
5f16e2d7-16d7-41d9-8fdc-8505bff0fc4b	20140131	1	900000000000207008	900000000000497000	800001001	XUsWX
5f16e2d7-16d7-41d9-8fdc-8505bff0fc4c	20140131	1	900000000000207008	900000000000497000	800005001	XUsWZ
5f16e2d7-16d7-41d9-8fdc-8505bff0fc4d	20140131	1	900000000000207008	900000000000497000	699177001	XUsWY
5f16e2d7-16d7-41d9-8fdc-8505bff0fc4e	20140131	1	900000000000207008	900000000000497000	8412003	XUsWa
5f16e2d7-16d7-41d9-8fdc-8505bff0fc4f	20140131	1	900000000000207008	900000000000497000	800008001	XUsWC
5f16e2d7-16d7-41d9-8fdc-8505bff0fc69	20140731	1	900000000000207008	900000000000497000	263502005	XUsWb
5f16e2d7-16d7-41d9-8fdc-8505bff0fc6a	20140731	1	900000000000207008	900000000000497000	1016002	XUsWc
5f16e2d7-16d7-41d9-8fdc-8505bff0fc6b	20140731	1	900000000000207008	900000000000497000	424124008	XUsWd
5f16e2d7-16d7-41d9-8fdc-8505bff0fc6c	20140731	1	900000000000207008	900000000000497000	800039001	XUsWe
5f16e2d7-16d7-41d9-8fdc-8505bff0fc6d	20140731	1	900000000000207008	900000000000497000	372310001	XUsWg
5f16e2d7-16d7-41d9-8fdc-8505bff0fc6e	20140731	1	900000000000207008	900000000000497000	800040001	XUsWf