id	effectiveTime	active	moduleId	refsetId	referencedComponentId
5f16e2d7-16d7-41d9-8fdc-8505bff0fc2c	20140731	1	900000000000207008	800039001	38341003
5f16e2d7-16d7-41d9-8fdc-8505bff0fc2d	20140731	1	900000000000207008	800039001	55822004
5f16e2d7-16d7-41d9-8fdc-8505bff0fc2e	20140731	1	900000000000207008	800039001	35489007
5f16e2d7-16d7-41d9-8fdc-8505bff0fc2f	20140731	1	900000000000207008	800039001	235595009
5f16e2d7-16d7-41d9-8fdc-8505bff0fc30	20140731	1	900000000000207008	800039001	268565007
5f16e2d7-16d7-41d9-8fdc-8505bff0fc31	20140731	1	900000000000207008	800039001	44054006
5f16e2d7-16d7-41d9-8fdc-8505bff0fc32	20140731	1	900000000000207008	800039001	59621000
5f16e2d7-16d7-41d9-8fdc-8505bff0fc33	20140731	1	900000000000207008	800039001	414916001
5f16e2d7-16d7-41d9-8fdc-8505bff0fc34	20140731	1	900000000000207008	800039001	73211009
