id	effectiveTime	active	moduleId	refsetId	referencedComponentId	mapTarget
5f16e2d7-16d7-41d9-8fdc-8505bff0fc36	20140731	1	900000000000207008	900000000000497000	800039001	XUsWJ	
5f16e2d7-16d7-41d9-8fdc-8505bff0fc37	20140731	1	900000000000207008	900000000000498005	800039001	null	
5f16e2d7-16d7-41d9-8fdc-8505bff0fc38	20140731	1	800039001	900000000000497000	800040001	XUsWK	
5f16e2d7-16d7-41d9-8fdc-8505bff0fc39	20140731	1	800039001	900000000000498005	800040001	R-F000a	
