id	effectiveTime	active	moduleId	conceptId	languageCode	typeId	term	caseSignificanceId
800047011	20140731	1	900000000000207008	800039001	en	900000000000013009	Human leucocyte antigen C serotyping	900000000000020002
