id	effectiveTime	active	moduleId	sourceId	destinationId	relationshipGroup	typeId	characteristicTypeId	modifierId
800031021	20140731	1	800026001	800027001	372310001	0	116680003	900000000000010007	900000000000451002
800032021	20140731	1	800026001	800027001	424124008	0	263502005	900000000000010007	900000000000451002
4279758024	20140731	0	900000000000207008	1016002	81137002	0	116680003	900000000000010007	900000000000451002
4279759027	20140731	0	900000000000207008	1016002	116011005	0	116680003	900000000000010007	900000000000451002
