id	effectiveTime	active	moduleId	sourceId	destinationId	relationshipGroup	typeId	characteristicTypeId	modifierId
800048021	20140731	1	800039001	800040001	263502005	0	116680003	900000000000011006	900000000000451002
800049021	20140731	1	800039001	800040001	372310001	0	116680003	900000000000011006	900000000000451002
