id	effectiveTime	active	moduleId	conceptId	languageCode	typeId	term	caseSignificanceId
2782018	20140731	0	900000000000207008	1016002	en	900000000000013009	Lamina of seventeenth thoracic vertebra	900000000000020002
531962010	20140731	0	900000000000207008	1016002	en	900000000000003001	Déjà vu (finding)	900000000000020002
800038011	20140731	1	800036001	800037001	en	900000000000013009	Acute spinal paralysis	900000000000020002
800039011	20140731	1	800036001	800037001	en	900000000000003001	Acute paralysis due to lesion of spinal cord (disorder)	900000000000020002
800040011	20140731	1	800036001	800037001	en	900000000000013009	Acute paralysis due to lesion of spinal cord	900000000000020002
