id	effectiveTime	active	moduleId	definitionStatusId
800001001	20140131	1	900000000000207008	900000000000074008
