id	effectiveTime	active	moduleId	refsetId	referencedComponentId	acceptabilityId
5f16e2d7-16d7-41d9-8fdc-8505bff0fc13	20140731	1	900000000000207008	900000000000508004	800009001	900000000000548007
5f16e2d7-16d7-41d9-8fdc-8505bff0fc14	20140731	1	900000000000012004	900000000000508004	1016001	900000000000548007
5f16e2d7-16d7-41d9-8fdc-8505bff0fc15	20140731	1	900000000000012004	900000000000508004	800010001	900000000000548007
