id	effectiveTime	active	moduleId	refsetId	referencedComponentId	acceptabilityId
5f16e2d7-16d7-41d9-8fdc-8505bff0fc10	20140131	1	900000000000207008	900000000000508004	800001001	900000000000548007
5f16e2d7-16d7-41d9-8fdc-8505bff0fc11	20140131	1	900000000000012004	900000000000508004	399748002	900000000000548007
5f16e2d7-16d7-41d9-8fdc-8505bff0fc12	20140131	1	900000000000207008	900000000000509007	800002001	900000000000548007
