id	effectiveTime	active	moduleId	definitionStatusId
399748002	20140131	1	900000000000012004	900000000000073002
800001001	20140131	1	900000000000207008	900000000000074008
800002001	20140131	1	900000000000207008	900000000000073002
