id	effectiveTime	active	moduleId	sourceId	destinationId	relationshipGroup	typeId	characteristicTypeId	modifierId
800011021	20140731	1	900000000000012004	800010001	399748001	0	116680003	900000000000011006	900000000000451002
