id	effectiveTime	active	moduleId	definitionStatusId
1016001	20140731	1	900000000000012004	900000000000074008
399748001	20140131	1	900000000000012004	900000000000073002
399748002	20140131	1	900000000000012004	900000000000073002
800001001	20140131	1	900000000000207008	900000000000074008
800002001	20140131	1	900000000000207008	900000000000073002
800009001	20140731	1	900000000000207008	900000000000073002
800010001	20140731	1	900000000000012004	900000000000074008
