id	effectiveTime	active	moduleId	refsetId	referencedComponentId	valueId
5f16e2d7-16d7-41d9-8fdc-8505bff0fc10	20140131	1	900000000000207008	900000000000489007	238856004	900000000000482003
5f16e2d7-16d7-41d9-8fdc-8505bff0fc11	20140131	0	900000000000207008	900000000000489007	253986002	900000000000482003
5f16e2d7-16d7-41d9-8fdc-8505bff0fc12	20140131	1	900000000000207008	900000000000489007	403960003	900000000000482003
5f16e2d7-16d7-41d9-8fdc-8505bff0fc13	20140131	1	900000000000207008	900000000000489006	286853001	900000000000484002
