id	effectiveTime	active	moduleId	refsetId	referencedComponentId	mapGroup	mapPriority	mapRule	mapAdvice	mapTarget	correlationId	mapCategoryId	color	myId
e96b57c3-1a2f-5bc8-9a26-0c48e377df16	20140131	1	449080006	447200001	434611000124106	1	1	TRUE	"ALWAYS Z29.2"	Z29.2	447561005	447637006	blue	1
f49d753b-4f4c-5a28-b6bf-d8333ca63389	20140131	1	449080006	447200001	293801000119103	1	1	TRUE	"ALWAYS D36.1 | POSSIBLE REQUIREMENT FOR MORPHOLOGY CODE"	D36.1	447561005	447637006	blue	8
f5cc986d-3fc2-5600-beb9-68abb90534b8	20140131	1	449080006	447200001	292991000119106	1	1	TRUE	"ALWAYS G70.8"	G70.8	447561005	447637006	red	8
04997370-2b6b-5e2d-ba88-63ef79e39247	20140131	1	449080006	447200001	292931000119107	1	1	TRUE	"ALWAYS G06.1 | POSSIBLE REQUIREMENT FOR CAUSATIVE AGENT CODE"	G06.1	447561005	447637006	blue	5
0fbeefd8-62a5-59ce-9a81-a1cf34d33588	20140131	1	449080006	447535001	292871000119100	1	1	TRUE	"ALWAYS G93.4"	G93.4	447561005	447637006	green	3
1162f4f4-51a5-5d50-94b5-e1a375936429	20140131	1	449080006	447200001	292921000119109	1	1	TRUE	"ALWAYS G06.1 | POSSIBLE REQUIREMENT FOR CAUSATIVE AGENT CODE"	G06.1	447561005	447637006	green	3
47ab6412-51f7-5e6a-b4f4-c51c7bb705f1	20140131	1	449080006	447535001	292891000119104	1	1	TRUE	"ALWAYS G06.0 | POSSIBLE REQUIREMENT FOR CAUSATIVE AGENT CODE"	G06.0	447561005	447637006	blue	3
73ccba3a-56d1-53ae-b0f6-2777bc8714a8	20140131	1	449080006	447535001	292911000119102	1	1	TRUE	"ALWAYS G06.0 | POSSIBLE REQUIREMENT FOR CAUSATIVE AGENT CODE"	G06.0	447561005	447637006	red	3
