id	effectiveTime	active	moduleId	refsetId	referencedComponentId	mapTarget
5f16e2d7-16d7-41d9-8fdc-8505bff0fc69	20140731	1	900000000000207008	900000000000497000	800037001	XUsWd
5f16e2d7-16d7-41d9-8fdc-8505bff0fc6a	20140731	1	900000000000207008	900000000000497000	372310001	XUsWb
5f16e2d7-16d7-41d9-8fdc-8505bff0fc6b	20140731	1	900000000000207008	900000000000497000	263502005	XUsWc
5f16e2d7-16d7-41d9-8fdc-8505bff0fc6c	20140731	1	900000000000207008	900000000000497000	1016002	XUsWe
5f16e2d7-16d7-41d9-8fdc-8505bff0fc6d	20140731	1	900000000000207008	900000000000497000	800036001	XUsWf
5f16e2d7-16d7-41d9-8fdc-8505bff0fc6e	20140731	1	900000000000207008	900000000000497000	424124008	XUsWg
