id	effectiveTime	active	moduleId	sourceId	destinationId	relationshipGroup	typeId	characteristicTypeId	modifierId
800036021	20140131	1	900000000000207008	800001001	135794007	0	116680003	900000000000011006	900000000000451002
800037021	20140131	1	900000000000207008	800004001	135794007	0	116680003	900000000000011006	900000000000451002
800038021	20140131	1	900000000000207008	800005001	135794007	0	116680003	900000000000011006	900000000000451002
