This is the readme for the second release Â© 2002-2015.
Table of contents:

    SnomedCT_Release_INT_20140731
        RF2Release
            Full
                Refset
                    Map
                        der2_sRefset_SimpleMapFull_INT_20140731.txt
            Snapshot
                Refset
                    Map
                        der2_sRefset_SimpleMapSnapshot_INT_20140731.txt
            Delta
                Refset
                    Map
                        der2_sRefset_SimpleMapDelta_INT_20140731.txt
        Readme_20140731.txt