This is the readme for the first release.
Table of contents:

    SnomedCT_Release_INT_20140131
        RF2Release
            Full
                Refset
                    Content
                        sct2_Concept_Full_INT_20140131.txt
                        der2_Refset_SimpleFull_INT_20140131.txt
            Snapshot
                Refset
                    Content
                        sct2_Concept_Snapshot_INT_20140131.txt
                        der2_Refset_SimpleSnapshot_INT_20140131.txt
            Delta
                Refset
                    Content
                        sct2_Concept_Delta_INT_20140131.txt
                        der2_Refset_SimpleDelta_INT_20140131.txt
        Readme_20140131.txt
